
src/components/AiChat.vue(53,48): error TS2339: Property 'formatContent' does not exist on type '{ getTypeIcon: (type: 
string) => string; sendMessage: () => void; input: string; messages: TeachingMessage[]; kpTitle: string; disabled: bool
ean; onSend?: ((answer: string) => any) | undefined; ... 18 more ...; $router: Router; }'.
src/services/learningPath.ts(20,11): error TS6133: 'errorText' is declared but its value is never read.
src/store/learning.ts(8,3): error TS6196: 'StudyPlan' is declared but never used.
src/store/learning.ts(9,3): error TS6196: 'TeachingSession' is declared but never used.
src/store/learning.ts(10,3): error TS6196: 'TeachingMessage' is declared but never used.
src/store/learning.ts(11,3): error TS6196: 'TeachingStep' is declared but never used.
src/store/learning.ts(13,3): error TS6196: 'TestResult' is declared but never used.
src/store/learning.ts(14,3): error TS6196: 'ExerciseSubmission' is declared but never used.
src/store/learning.ts(15,3): error TS6196: 'DailySummary' is declared but never used.
src/store/learning.ts(36,28): error TS7006: Parameter 'r' implicitly has an 'any' type.
src/store/learning.ts(47,34): error TS7006: Parameter 'topic' implicitly has an 'any' type.
src/store/learning.ts(47,41): error TS7006: Parameter 'order' implicitly has an 'any' type.
src/store/learning.ts(47,48): error TS7006: Parameter 'modIndex' implicitly has an 'any' type.
src/store/learning.ts(63,26): error TS7006: Parameter 'mod' implicitly has an 'any' type.
src/store/learning.ts(63,31): error TS7006: Parameter 'index' implicitly has an 'any' type.
src/store/learning.ts(66,41): error TS7006: Parameter 'item' implicitly has an 'any' type.
src/store/learning.ts(66,47): error TS7006: Parameter 'i' implicitly has an 'any' type.
src/store/learning.ts(88,88): error TS7006: Parameter 's' implicitly has an 'any' type.
src/store/learning.ts(88,91): error TS7006: Parameter 'k' implicitly has an 'any' type.
src/store/learning.ts(92,31): error TS7006: Parameter 'treeNode' implicitly has an 'any' type.
src/store/learning.ts(92,41): error TS7006: Parameter 'depth' implicitly has an 'any' type.
src/store/learning.ts(95,33): error TS7006: Parameter 'child' implicitly has an 'any' type.
src/store/learning.ts(95,40): error TS7006: Parameter 'i' implicitly has an 'any' type.
src/store/learning.ts(100,50): error TS7006: Parameter 'kpNode' implicitly has an 'any' type.
src/store/learning.ts(100,58): error TS7006: Parameter 'j' implicitly has an 'any' type.
src/store/learning.ts(115,24): error TS7006: Parameter 'raw' implicitly has an 'any' type.
src/store/learning.ts(118,32): error TS7006: Parameter 'm' implicitly has an 'any' type.
src/store/learning.ts(118,35): error TS7006: Parameter 'i' implicitly has an 'any' type.
src/store/learning.ts(124,15): error TS2554: Expected 2 arguments, but got 1.
src/store/learning.ts(126,91): error TS7006: Parameter 's' implicitly has an 'any' type.
src/store/learning.ts(126,94): error TS7006: Parameter 'm' implicitly has an 'any' type.
src/store/learning.ts(204,38): error TS7006: Parameter 'p' implicitly has an 'any' type.
src/store/learning.ts(316,11): error TS6133: 'lastMsg' is declared but its value is never read.
src/store/learning.ts(347,30): error TS2304: Cannot find name 'chatCompletion'.
src/views/KnowledgeTreeView.vue(7,1): error TS6133: 'ProgressBar' is declared but its value is never read.
src/views/KnowledgeTreeView.vue(9,1): error TS6133: 'StudyCard' is declared but its value is never read.
src/views/KnowledgeTreeView.vue(13,7): error TS6133: 'route' is declared but its value is never read.
src/views/KnowledgeTreeView.vue(49,9): error TS2551: Property 'setCurrentKnowledgePoint' does not exist on type 'Store<
"learning", Pick<{ projects: Ref<{ id: string; name: string; domain: string; path: { id: string; title: string; descrip
tion: string; level: "beginner" | "intermediate" | "advanced"; modules: { id: string; ... 4 more ...; estimatedHours: n
umber; }[]; totalEstimatedHours: number; tags: string[]; knowledgeTree?: ...'. Did you mean 'countKnowledgePoints'?
src/views/KnowledgeTreeView.vue(58,10): error TS6133: 'getProgressIcon' is declared but its value is never read.
src/views/KnowledgeTreeView.vue(134,38): error TS2551: Property 'getKnowledgePointProgress' does not exist on type 'Sto
re<"learning", Pick<{ projects: Ref<{ id: string; name: string; domain: string; path: { id: string; title: string; desc
ription: string; level: "beginner" | "intermediate" | "advanced"; modules: { id: string; ... 4 more ...; estimatedHours
: number; }[]; totalEstimatedHours: number; tags: string[]; knowledgeTree?: ...'. Did you mean 'updateKnowledgePointPro
gress'?
src/views/KnowledgeTreeView.vue(215,40): error TS2551: Property 'getKnowledgePointProgress' does not exist on type 'Sto
re<"learning", Pick<{ projects: Ref<{ id: string; name: string; domain: string; path: { id: string; title: string; desc
ription: string; level: "beginner" | "intermediate" | "advanced"; modules: { id: string; ... 4 more ...; estimatedHours
: number; }[]; totalEstimatedHours: number; tags: string[]; knowledgeTree?: ...'. Did you mean 'updateKnowledgePointPro
gress'?
src/views/KnowledgeTreeView.vue(215,106): error TS2551: Property 'getKnowledgePointProgress' does not exist on type 'St
ore<"learning", Pick<{ projects: Ref<{ id: string; name: string; domain: string; path: { id: string; title: string; des
cription: string; level: "beginner" | "intermediate" | "advanced"; modules: { id: string; ... 4 more ...; estimatedHour
s: number; }[]; totalEstimatedHours: number; tags: string[]; knowledgeTree?: ...'. Did you mean 'updateKnowledgePointPr
ogress'?
src/views/KnowledgeTreeView.vue(216,42): error TS2551: Property 'getKnowledgePointProgress' does not exist on type 'Sto
re<"learning", Pick<{ projects: Ref<{ id: string; name: string; domain: string; path: { id: string; title: string; desc
ription: string; level: "beginner" | "intermediate" | "advanced"; modules: { id: string; ... 4 more ...; estimatedHours
: number; }[]; totalEstimatedHours: number; tags: string[]; knowledgeTree?: ...'. Did you mean 'updateKnowledgePointPro
gress'?
src/views/KnowledgeTreeView.vue(220,91): error TS2551: Property 'getKnowledgePointProgress' does not exist on type 'Sto
re<"learning", Pick<{ projects: Ref<{ id: string; name: string; domain: string; path: { id: string; title: string; desc
ription: string; level: "beginner" | "intermediate" | "advanced"; modules: { id: string; ... 4 more ...; estimatedHours
: number; }[]; totalEstimatedHours: number; tags: string[]; knowledgeTree?: ...'. Did you mean 'updateKnowledgePointPro
gress'?
src/views/KnowledgeTreeView.vue(236,28): error TS2551: Property 'getKnowledgePointProgress' does not exist on type 'Sto
re<"learning", Pick<{ projects: Ref<{ id: string; name: string; domain: string; path: { id: string; title: string; desc
ription: string; level: "beginner" | "intermediate" | "advanced"; modules: { id: string; ... 4 more ...; estimatedHours
: number; }[]; totalEstimatedHours: number; tags: string[]; knowledgeTree?: ...'. Did you mean 'updateKnowledgePointPro
gress'?
src/views/ProjectsView.vue(44,44): error TS2554: Expected 2 arguments, but got 1.


